
-----
Test: tests/test_buy_product.py::test_buy_product (call)
Start time: 2026-06-17 19:06:29.686523
Start name method: authorization

End time: 2026-06-17 19:06:37.542944
End name method: authorization
URL: https://e.intant.ru/

-----

-----
Test: tests/test_buy_product.py::test_buy_product (call)
Start time: 2026-06-17 19:06:37.544940
Start name method: go_to_catalog

End time: 2026-06-17 19:06:40.480115
End name method: go_to_catalog
URL: https://e.intant.ru/catalog/portable-devices/notebooks

-----

-----
Test: tests/test_buy_product.py::test_buy_product (call)
Start time: 2026-06-17 19:06:40.482116
Start name method: selection_product

End time: 2026-06-17 19:06:46.817660
End name method: selection_product
URL: https://e.intant.ru/catalog/portable-devices/notebooks?flt=ZjowXzE3OzFfNDAzMzA7MV83MTY7MV8yNjAzOzFfMjEwODk

-----

-----
Test: tests/test_buy_product.py::test_buy_product (call)
Start time: 2026-06-17 19:06:46.818662
Start name method: selection_laptop

Product step: Selected laptop
Product name: Ноутбук ASUS VivoBook 15 X1504VA-BQ2880 90NB10J2-M03B20
Product price: 48 000 ₽

End time: 2026-06-17 19:06:50.087945
End name method: selection_laptop
URL: https://e.intant.ru/catalog/portable-devices/notebooks/laptop-asus-vivobook-15-x1504vabq2880-90nb10j2m03b20-432826.htm

-----

-----
Test: tests/test_buy_product.py::test_buy_product (call)
Start time: 2026-06-17 19:06:50.087945
Start name method: add_to_cart

Cart action: add to cart
Quantity: 1

End time: 2026-06-17 19:06:57.147148
End name method: add_to_cart
URL: https://e.intant.ru/basket.htm

-----

-----
Test: tests/test_buy_product.py::test_buy_product (call)
Start time: 2026-06-17 19:06:57.148538
Start name method: place_an_order

End time: 2026-06-17 19:07:00.150762
End name method: place_an_order
URL: https://e.intant.ru/basket/ordering.htm

-----
