
-----
Test: tests/test_buy_product.py::test_buy_product (call)
Start time: 2026-06-15 22:57:31.594464
Start name method: authorization

End time: 2026-06-15 22:57:39.826862
End name method: authorization
URL: https://e.intant.ru/

-----

-----
Test: tests/test_buy_product.py::test_buy_product (call)
Start time: 2026-06-15 22:57:39.827787
Start name method: go_to_catalog

End time: 2026-06-15 22:57:43.065092
End name method: go_to_catalog
URL: https://e.intant.ru/catalog/portable-devices/notebooks

-----

-----
Test: tests/test_buy_product.py::test_buy_product (call)
Start time: 2026-06-15 22:57:43.065092
Start name method: selection_product

End time: 2026-06-15 22:57:53.538469
End name method: selection_product
URL: https://e.intant.ru/catalog/portable-devices/notebooks?flt=ZjowXzE3OzFfNDAzMzA7MV83MTY7MV8yNjAzOzFfMjEwODk

-----

-----
Test: tests/test_buy_product.py::test_buy_product (call)
Start time: 2026-06-15 22:57:53.539457
Start name method: selection_laptop

Product step: Selected laptop
Product name: Ноутбук ASUS VivoBook 15 X1504VA-BQ2880 90NB10J2-M03B20
Product price: 48 000 ₽

End time: 2026-06-15 22:57:58.928569
End name method: selection_laptop
URL: https://e.intant.ru/catalog/portable-devices/notebooks/laptop-asus-vivobook-15-x1504vabq2880-90nb10j2m03b20-432826.htm

-----

-----
Test: tests/test_buy_product.py::test_buy_product (call)
Start time: 2026-06-15 22:57:58.929571
Start name method: add_to_cart

