
-----
Test: tests/test_buy_product.py::test_buy_product (call)
Start time: 2026-06-18 15:15:07.617774
Start name method: authorization

End time: 2026-06-18 15:15:18.622984
End name method: authorization
URL: https://e.intant.ru/

-----

-----
Test: tests/test_buy_product.py::test_buy_product (call)
Start time: 2026-06-18 15:15:18.623968
Start name method: go_to_catalog

End time: 2026-06-18 15:15:22.322419
End name method: go_to_catalog
URL: https://e.intant.ru/catalog/portable-devices/notebooks

-----

-----
Test: tests/test_buy_product.py::test_buy_product (call)
Start time: 2026-06-18 15:15:22.323442
Start name method: selection_product

End time: 2026-06-18 15:15:31.189406
End name method: selection_product
URL: https://e.intant.ru/catalog/portable-devices/notebooks?flt=ZjowXzE3OzFfNDAzMzA7MV83MTY7MV8yNjAzOzFfMjEwODk

-----

-----
Test: tests/test_buy_product.py::test_buy_product (call)
Start time: 2026-06-18 15:15:31.200510
Start name method: selection_laptop

Product step: Selected laptop
Product name: Ноутбук ASUS VivoBook 15 X1504VA-BQ2880 90NB10J2-M03B20
Product price: 48 000 ₽

End time: 2026-06-18 15:15:34.741282
End name method: selection_laptop
URL: https://e.intant.ru/catalog/portable-devices/notebooks/laptop-asus-vivobook-15-x1504vabq2880-90nb10j2m03b20-432826.htm

-----

-----
Test: tests/test_buy_product.py::test_buy_product (call)
Start time: 2026-06-18 15:15:34.743324
Start name method: add_to_cart

Cart action: add to cart
Quantity: 1

End time: 2026-06-18 15:15:39.810627
End name method: add_to_cart
URL: https://e.intant.ru/basket.htm

-----

-----
Test: tests/test_buy_product.py::test_buy_product (call)
Start time: 2026-06-18 15:15:39.812288
Start name method: place_an_order

End time: 2026-06-18 15:15:42.979672
End name method: place_an_order
URL: https://e.intant.ru/basket/ordering.htm

-----

-----
Test: tests/test_buy_product.py::test_buy_product (call)
Start time: 2026-06-18 15:15:42.980747
Start name method: fill_out_the_form

End time: 2026-06-18 15:15:48.345549
End name method: fill_out_the_form
URL: https://e.intant.ru/basket/ordering.htm

-----
