
-----
Test: tests/test_buy_product.py::test_buy_product (call)
Start time: 2026-06-22 22:25:20.612932
Start name method: authorization

End time: 2026-06-22 22:25:38.095961
End name method: authorization
URL: https://e.intant.ru/

-----

-----
Test: tests/test_buy_product.py::test_buy_product (call)
Start time: 2026-06-22 22:25:38.096963
Start name method: go_to_catalog

End time: 2026-06-22 22:25:43.101028
End name method: go_to_catalog
URL: https://e.intant.ru/catalog/portable-devices/notebooks

-----

-----
Test: tests/test_buy_product.py::test_buy_product (call)
Start time: 2026-06-22 22:25:43.101963
Start name method: selection_product

End time: 2026-06-22 22:25:55.251308
End name method: selection_product
URL: https://e.intant.ru/catalog/portable-devices/notebooks?flt=ZjowXzE3OzFfNDAzMzA7MV83MTY7MV8yNjAzOzFfMjEwODk

-----

-----
Test: tests/test_buy_product.py::test_buy_product (call)
Start time: 2026-06-22 22:25:55.252323
Start name method: selection_laptop

Product step: Selected laptop
Product name: Ноутбук ASUS VivoBook 15 X1504VA-BQ2880 90NB10J2-M03B20
Product price: 48 000 ₽

End time: 2026-06-22 22:26:04.682677
End name method: selection_laptop
URL: https://e.intant.ru/catalog/portable-devices/notebooks/laptop-asus-vivobook-15-x1504vabq2880-90nb10j2m03b20-432826.htm

-----

-----
Test: tests/test_buy_product.py::test_buy_product (call)
Start time: 2026-06-22 22:26:04.684718
Start name method: add_to_cart

Cart action: add to cart
Quantity: 1

End time: 2026-06-22 22:26:10.712002
End name method: add_to_cart
URL: https://e.intant.ru/basket.htm

-----

-----
Test: tests/test_buy_product.py::test_buy_product (call)
Start time: 2026-06-22 22:26:10.713037
Start name method: place_an_order

End time: 2026-06-22 22:26:14.448446
End name method: place_an_order
URL: https://e.intant.ru/basket/ordering.htm

-----

-----
Test: tests/test_buy_product.py::test_buy_product (call)
Start time: 2026-06-22 22:26:14.449417
Start name method: fill_out_the_form

End time: 2026-06-22 22:26:19.945907
End name method: fill_out_the_form
URL: https://e.intant.ru/basket/ordering.htm

-----
