
-----
Test: tests/test_buy_product.py::test_buy_product (call)
Start time: 2026-06-17 23:54:30.102650
Start name method: authorization

End time: 2026-06-17 23:54:38.724190
End name method: authorization
URL: https://e.intant.ru/

-----

-----
Test: tests/test_buy_product.py::test_buy_product (call)
Start time: 2026-06-17 23:54:38.726210
Start name method: go_to_catalog

End time: 2026-06-17 23:54:41.875877
End name method: go_to_catalog
URL: https://e.intant.ru/catalog/portable-devices/notebooks

-----

-----
Test: tests/test_buy_product.py::test_buy_product (call)
Start time: 2026-06-17 23:54:41.877885
Start name method: selection_product

End time: 2026-06-17 23:54:51.700653
End name method: selection_product
URL: https://e.intant.ru/catalog/portable-devices/notebooks?flt=ZjowXzE3OzFfNDAzMzA7MV83MTY7MV8yNjAzOzFfMjEwODk

-----

-----
Test: tests/test_buy_product.py::test_buy_product (call)
Start time: 2026-06-17 23:54:51.702610
Start name method: selection_laptop

Product step: Selected laptop
Product name: Ноутбук ASUS VivoBook 15 X1504VA-BQ2880 90NB10J2-M03B20
Product price: 48 000 ₽

End time: 2026-06-17 23:54:55.384197
End name method: selection_laptop
URL: https://e.intant.ru/catalog/portable-devices/notebooks/laptop-asus-vivobook-15-x1504vabq2880-90nb10j2m03b20-432826.htm

-----

-----
Test: tests/test_buy_product.py::test_buy_product (call)
Start time: 2026-06-17 23:54:55.385196
Start name method: add_to_cart

Cart action: add to cart
Quantity: 1

End time: 2026-06-17 23:54:57.533400
End name method: add_to_cart
URL: https://e.intant.ru/basket.htm

-----

-----
Test: tests/test_buy_product.py::test_buy_product (call)
Start time: 2026-06-17 23:54:57.535412
Start name method: place_an_order

End time: 2026-06-17 23:55:01.004657
End name method: place_an_order
URL: https://e.intant.ru/basket/ordering.htm

-----
