
-----
Test: test_buy_product.py::test_buy_product (call)
Start time: 2026-06-09 13:23:58.295723
Start name method: authorization

End time: 2026-06-09 13:24:07.356536
End name method: authorization
URL: https://e.intant.ru/

-----

-----
Test: test_buy_product.py::test_buy_product (call)
Start time: 2026-06-09 13:24:07.356536
Start name method: go_to_catalog

End time: 2026-06-09 13:24:12.609352
End name method: go_to_catalog
URL: https://e.intant.ru/catalog/portable-devices/notebooks

-----

-----
Test: test_buy_product.py::test_buy_product (call)
Start time: 2026-06-09 13:24:12.609352
Start name method: selection_product

End time: 2026-06-09 13:24:22.770215
End name method: selection_product
URL: https://e.intant.ru/catalog/portable-devices/notebooks?flt=ZjowXzE3OzFfNDAzMzA7MV83MTY7MV8yNjAzOzFfMjEwODk

-----

-----
Test: test_buy_product.py::test_buy_product (call)
Start time: 2026-06-09 13:24:22.770215
Start name method: selection_laptop

End time: 2026-06-09 13:24:27.465782
End name method: selection_laptop
URL: https://e.intant.ru/catalog/portable-devices/notebooks/laptop-asus-vivobook-15-x1504vabq2880-90nb10j2m03b20-432826.htm

-----

-----
Test: test_buy_product.py::test_buy_product (call)
Start time: 2026-06-09 13:24:27.465782
Start name method: add_to_cart

End time: 2026-06-09 13:24:32.387288
End name method: add_to_cart
URL: https://e.intant.ru/basket.htm

-----

-----
Test: test_buy_product.py::test_buy_product (call)
Start time: 2026-06-09 13:24:32.388289
Start name method: place_an_order

End time: 2026-06-09 13:24:35.267406
End name method: place_an_order
URL: https://e.intant.ru/basket/ordering.htm

-----

-----
Test: test_buy_product.py::test_buy_product (call)
Start time: 2026-06-09 13:24:35.267406
Start name method: fill_out_the_form

End time: 2026-06-09 13:24:39.582899
End name method: fill_out_the_form
URL: https://e.intant.ru/basket/ordering.htm

-----
