
-----
Test: tests/test_buy_product.py::test_buy_product (call)
Start time: 2026-07-30 22:00:35.136869
Start name method: authorization

End time: 2026-07-30 22:00:44.845950
End name method: authorization
URL: https://e.intant.ru/

-----

-----
Test: tests/test_buy_product.py::test_buy_product (call)
Start time: 2026-07-30 22:00:44.847951
Start name method: go_to_catalog

End time: 2026-07-30 22:00:46.453133
End name method: go_to_catalog
URL: https://e.intant.ru/catalog/portable-devices/notebooks

-----

-----
Test: tests/test_buy_product.py::test_buy_product (call)
Start time: 2026-07-30 22:00:46.454128
Start name method: selection_product

End time: 2026-07-30 22:01:00.491301
End name method: selection_product
URL: https://e.intant.ru/catalog/portable-devices/notebooks?flt=ZjowXzc0MzsxXzQwMzMwOzFfNzE2OzFfMjYwMzsxXzIxMDg5

-----

-----
Test: tests/test_buy_product.py::test_buy_product (call)
Start time: 2026-07-30 22:01:00.492302
Start name method: selection_laptop

Product step: Selected laptop
Product name: Ноутбук CBR NB15I5G12-16G512G-WP
Product price: 54 050 ₽

End time: 2026-07-30 22:01:31.041460
End name method: selection_laptop
URL: https://e.intant.ru/catalog/portable-devices/notebooks/laptop-cbr-nb15i5g1216g512gwp-425002.htm

-----

-----
Test: tests/test_buy_product.py::test_buy_product (call)
Start time: 2026-07-30 22:01:31.043259
Start name method: add_to_cart

Cart action: add to cart
Quantity: 1

End time: 2026-07-30 22:01:37.329467
End name method: add_to_cart
URL: https://e.intant.ru/basket.htm

-----

-----
Test: tests/test_buy_product.py::test_buy_product (call)
Start time: 2026-07-30 22:01:37.330240
Start name method: place_an_order

End time: 2026-07-30 22:01:41.104064
End name method: place_an_order
URL: https://e.intant.ru/basket/ordering.htm

-----

-----
Test: tests/test_buy_product.py::test_buy_product (call)
Start time: 2026-07-30 22:01:41.104796
Start name method: fill_out_the_form

End time: 2026-07-30 22:01:45.949199
End name method: fill_out_the_form
URL: https://e.intant.ru/basket/ordering.htm

-----
