
-----
Test: tests/test_buy_product.py::test_buy_product (call)
Start time: 2026-06-18 14:12:48.323512
Start name method: authorization

End time: 2026-06-18 14:12:58.516062
End name method: authorization
URL: https://e.intant.ru/

-----

-----
Test: tests/test_buy_product.py::test_buy_product (call)
Start time: 2026-06-18 14:12:58.517922
Start name method: go_to_catalog

End time: 2026-06-18 14:13:02.896301
End name method: go_to_catalog
URL: https://e.intant.ru/catalog/portable-devices/notebooks

-----

-----
Test: tests/test_buy_product.py::test_buy_product (call)
Start time: 2026-06-18 14:13:02.898298
Start name method: selection_product

End time: 2026-06-18 14:13:15.162388
End name method: selection_product
URL: https://e.intant.ru/catalog/portable-devices/notebooks?flt=ZjowXzE3OzFfNDAzMzA7MV83MTY7MV8yNjAzOzFfMjEwODk

-----

-----
Test: tests/test_buy_product.py::test_buy_product (call)
Start time: 2026-06-18 14:13:15.163384
Start name method: selection_laptop

Product step: Selected laptop
Product name: Ноутбук ASUS VivoBook 15 X1504VA-BQ2880 90NB10J2-M03B20
Product price: 48 000 ₽

End time: 2026-06-18 14:13:20.045944
End name method: selection_laptop
URL: https://e.intant.ru/catalog/portable-devices/notebooks/laptop-asus-vivobook-15-x1504vabq2880-90nb10j2m03b20-432826.htm

-----

-----
Test: tests/test_buy_product.py::test_buy_product (call)
Start time: 2026-06-18 14:13:20.047941
Start name method: add_to_cart

Cart action: add to cart
Quantity: 1

End time: 2026-06-18 14:13:26.652291
End name method: add_to_cart
URL: https://e.intant.ru/basket.htm

-----

-----
Test: tests/test_buy_product.py::test_buy_product (call)
Start time: 2026-06-18 14:13:26.653340
Start name method: place_an_order

End time: 2026-06-18 14:13:30.382919
End name method: place_an_order
URL: https://e.intant.ru/basket/ordering.htm

-----

-----
Test: tests/test_buy_product.py::test_buy_product (call)
Start time: 2026-06-18 14:13:30.383861
Start name method: fill_out_the_form

Order step: Order completed
Order number: ORDER-CREATED
Total price: 48 000 ₽

End time: 2026-06-18 14:13:35.872106
End name method: fill_out_the_form
URL: https://e.intant.ru/basket/ordering.htm

-----
