
-----
Test: tests/test_buy_product.py::test_buy_product (call)
Start time: 2026-08-11 23:23:37.480189
Start name method: authorization

End time: 2026-08-11 23:24:02.208224
End name method: authorization
URL: https://e.intant.ru/

-----

-----
Test: tests/test_buy_product.py::test_buy_product (call)
Start time: 2026-08-11 23:24:02.209326
Start name method: go_to_catalog

End time: 2026-08-11 23:24:21.948556
End name method: go_to_catalog
URL: https://e.intant.ru/catalog/portable-devices/notebooks

-----

-----
Test: tests/test_buy_product.py::test_buy_product (call)
Start time: 2026-08-11 23:24:21.950605
Start name method: selection_product

End time: 2026-08-11 23:24:36.071429
End name method: selection_product
URL: https://e.intant.ru/catalog/portable-devices/notebooks?flt=ZjowXzE3OzFfNDAzMzA7MV83MTY7MV8yNjAzOzFfMjEwODk

-----

-----
Test: tests/test_buy_product.py::test_buy_product (call)
Start time: 2026-08-11 23:24:36.072994
Start name method: selection_laptop

Product step: Selected laptop
Product name: Ноутбук ASUS VivoBook 15 X1504VA-BQ2880 90NB10J2-M03B20
Product price: 48 000 ₽

End time: 2026-08-11 23:25:02.876346
End name method: selection_laptop
URL: https://e.intant.ru/catalog/portable-devices/notebooks/laptop-asus-vivobook-15-x1504vabq2880-90nb10j2m03b20-432826.htm

-----

-----
Test: tests/test_buy_product.py::test_buy_product (call)
Start time: 2026-08-11 23:25:02.878079
Start name method: add_to_cart

Cart action: add to cart
Quantity: 1

End time: 2026-08-11 23:25:09.837701
End name method: add_to_cart
URL: https://e.intant.ru/basket.htm

-----

-----
Test: tests/test_buy_product.py::test_buy_product (call)
Start time: 2026-08-11 23:25:09.839707
Start name method: place_an_order

End time: 2026-08-11 23:25:14.630925
End name method: place_an_order
URL: https://e.intant.ru/basket/ordering.htm

-----

-----
Test: tests/test_buy_product.py::test_buy_product (call)
Start time: 2026-08-11 23:25:14.632049
Start name method: fill_out_the_form

End time: 2026-08-11 23:25:19.648696
End name method: fill_out_the_form
URL: https://e.intant.ru/basket/ordering.htm

-----
