
-----
Test: tests/test_buy_product.py::test_buy_product (call)
Start time: 2026-06-15 23:00:59.418572
Start name method: authorization

End time: 2026-06-15 23:01:07.075894
End name method: authorization
URL: https://e.intant.ru/

-----

-----
Test: tests/test_buy_product.py::test_buy_product (call)
Start time: 2026-06-15 23:01:07.077893
Start name method: go_to_catalog

End time: 2026-06-15 23:01:09.478701
End name method: go_to_catalog
URL: https://e.intant.ru/catalog/portable-devices/notebooks

-----

-----
Test: tests/test_buy_product.py::test_buy_product (call)
Start time: 2026-06-15 23:01:09.479703
Start name method: selection_product

End time: 2026-06-15 23:01:15.990943
End name method: selection_product
URL: https://e.intant.ru/catalog/portable-devices/notebooks?flt=ZjowXzE3OzFfNDAzMzA7MV83MTY7MV8yNjAzOzFfMjEwODk

-----

-----
Test: tests/test_buy_product.py::test_buy_product (call)
Start time: 2026-06-15 23:01:15.990943
Start name method: selection_laptop

Product step: Selected laptop
Product name: Ноутбук ASUS VivoBook 15 X1504VA-BQ2880 90NB10J2-M03B20
Product price: 48 000 ₽

End time: 2026-06-15 23:01:19.910595
End name method: selection_laptop
URL: https://e.intant.ru/catalog/portable-devices/notebooks/laptop-asus-vivobook-15-x1504vabq2880-90nb10j2m03b20-432826.htm

-----

-----
Test: tests/test_buy_product.py::test_buy_product (call)
Start time: 2026-06-15 23:01:19.911014
Start name method: add_to_cart

Cart action: add to cart
Product: Ноутбук ASUS VivoBook 15 X1504VA-BQ2880 90NB10J2-M03B20
Quantity: 1

End time: 2026-06-15 23:01:25.775933
End name method: add_to_cart
URL: https://e.intant.ru/basket.htm

-----

-----
Test: tests/test_buy_product.py::test_buy_product (call)
Start time: 2026-06-15 23:01:25.776545
Start name method: place_an_order

End time: 2026-06-15 23:01:29.940296
End name method: place_an_order
URL: https://e.intant.ru/basket/ordering.htm

-----

-----
Test: tests/test_buy_product.py::test_buy_product (call)
Start time: 2026-06-15 23:01:29.941379
Start name method: fill_out_the_form

